 starting up
entering main
Running test framework_comparison - goal: Research two Python web frameworks, compare performance tradeoffs, implement minimal example snippets, and recommend one for high-scale APIs.
Running test data_pipeline_design - goal: Design a scalable data ingestion pipeline, provide architectural reasoning, and include a sample processing module.
Running test conflicting_requirements - goal: Propose a system that is both fully decentralized and centrally controlled; explain tradeoffs and reconcile contradictions.
Running test memory_recall_test - goal: Based on previous framework research, summarize prior findings and refine the recommendation.
Running test priority_scheduling - goal: Ensure high-priority tasks execute before low-priority ones.
Running test autonomy_orchestration - goal: Run conflicting tasks and reuse past outcomes automatically.
starting up
entering main
Running test framework_comparison - goal: Research two Python web frameworks, compare performance tradeoffs, implement minimal example snippets, and recommend one for high-scale APIs.
Running test data_pipeline_design - goal: Design a scalable data ingestion pipeline, provide architectural reasoning, and include a sample processing module.
Running test conflicting_requirements - goal: Propose a system that is both fully decentralized and centrally controlled; explain tradeoffs and reconcile contradictions.
Running test memory_recall_test - goal: Based on previous framework research, summarize prior findings and refine the recommendation.
Running test priority_scheduling - goal: Ensure high-priority tasks execute before low-priority ones.
Running test autonomy_orchestration - goal: Run conflicting tasks and reuse past outcomes automatically.
starting up
entering main
Running test framework_comparison - goal: Research two Python web frameworks, compare performance tradeoffs, implement minimal example snippets, and recommend one for high-scale APIs.
Running test data_pipeline_design - goal: Design a scalable data ingestion pipeline, provide architectural reasoning, and include a sample processing module.
Running test conflicting_requirements - goal: Propose a system that is both fully decentralized and centrally controlled; explain tradeoffs and reconcile contradictions.
Running test memory_recall_test - goal: Based on previous framework research, summarize prior findings and refine the recommendation.
Running test priority_scheduling - goal: Ensure high-priority tasks execute before low-priority ones.
Running test autonomy_orchestration - goal: Run conflicting tasks and reuse past outcomes automatically.
starting up
entering main
Running test framework_comparison - goal: Research two Python web frameworks, compare performance tradeoffs, implement minimal example snippets, and recommend one for high-scale APIs.
Running test data_pipeline_design - goal: Design a scalable data ingestion pipeline, provide architectural reasoning, and include a sample processing module.
Running test conflicting_requirements - goal: Propose a system that is both fully decentralized and centrally controlled; explain tradeoffs and reconcile contradictions.
Running test memory_recall_test - goal: Based on previous framework research, summarize prior findings and refine the recommendation.
Running test priority_scheduling - goal: Ensure high-priority tasks execute before low-priority ones.
Running test autonomy_orchestration - goal: Run conflicting tasks and reuse past outcomes automatically.
Running test distributed_execution - goal: Verify distributed nodes can write to shared memory and obey global concurrency.
starting up
entering main
Running test framework_comparison - goal: Research two Python web frameworks, compare performance tradeoffs, implement minimal example snippets, and recommend one for high-scale APIs.
Running test data_pipeline_design - goal: Design a scalable data ingestion pipeline, provide architectural reasoning, and include a sample processing module.
Running test conflicting_requirements - goal: Propose a system that is both fully decentralized and centrally controlled; explain tradeoffs and reconcile contradictions.
Running test memory_recall_test - goal: Based on previous framework research, summarize prior findings and refine the recommendation.
Running test priority_scheduling - goal: Ensure high-priority tasks execute before low-priority ones.
Running test autonomy_orchestration - goal: Run conflicting tasks and reuse past outcomes automatically.
Running test distributed_execution - goal: Verify distributed nodes can write to shared memory and obey global concurrency.
starting up
entering main
Running test framework_comparison - goal: Research two Python web frameworks, compare performance tradeoffs, implement minimal example snippets, and recommend one for high-scale APIs.
Running test data_pipeline_design - goal: Design a scalable data ingestion pipeline, provide architectural reasoning, and include a sample processing module.
Running test conflicting_requirements - goal: Propose a system that is both fully decentralized and centrally controlled; explain tradeoffs and reconcile contradictions.
Running test memory_recall_test - goal: Based on previous framework research, summarize prior findings and refine the recommendation.
Running test priority_scheduling - goal: Ensure high-priority tasks execute before low-priority ones.
Running test autonomy_orchestration - goal: Run conflicting tasks and reuse past outcomes automatically.
Running test distributed_execution - goal: Verify distributed nodes can write to shared memory and obey global concurrency.
starting up
entering main
Running test framework_comparison - goal: Research two Python web frameworks, compare performance tradeoffs, implement minimal example snippets, and recommend one for high-scale APIs.
Running test data_pipeline_design - goal: Design a scalable data ingestion pipeline, provide architectural reasoning, and include a sample processing module.
Running test conflicting_requirements - goal: Propose a system that is both fully decentralized and centrally controlled; explain tradeoffs and reconcile contradictions.
Running test memory_recall_test - goal: Based on previous framework research, summarize prior findings and refine the recommendation.
Running test priority_scheduling - goal: Ensure high-priority tasks execute before low-priority ones.
Running test autonomy_orchestration - goal: Run conflicting tasks and reuse past outcomes automatically.
Running test distributed_execution - goal: Verify distributed nodes can write to shared memory and obey global concurrency.
starting up
entering main
Running test framework_comparison - goal: Research two Python web frameworks, compare performance tradeoffs, implement minimal example snippets, and recommend one for high-scale APIs.
starting up
entering main
