PS E:\2024 RESET\concierge> cmd /C "docker logs quesarc_app --tail 200"
INFO:memory.memory_store:Archiving low-confidence node 947d7d00-47db-4a7d-86ed-6
5c5cbd938d6                                                                     INFO:memory.memory_store:Archiving low-confidence node ae28ec82-89e4-40fd-9bdd-0
cc68e66c140                                                                     INFO:memory.memory_store:Archiving low-confidence node bf8f2b2c-1573-4552-bfe2-e
73fab88a1a6                                                                     INFO:memory.memory_store:Archiving low-confidence node a0315cd8-c7da-4d28-9a5a-6
a5f1f3fb066                                                                     INFO:memory.memory_store:Archiving low-confidence node 533e3ed9-0b6e-42f2-a7bc-0
4be81ba7cb3                                                                     INFO:memory.memory_store:Archiving low-confidence node 02d5424c-f337-4e61-aa52-9
513408ad7a1                                                                     INFO:memory.memory_store:Archiving low-confidence node 7fa56090-e2e6-4786-9290-5
806cddc8fe6                                                                     INFO:memory.memory_store:Archiving low-confidence node 0e5b9f05-2b4f-4c0d-9c91-c
7d72ef71622                                                                     INFO:memory.memory_store:Archiving low-confidence node 42ace221-8588-4b57-87b8-e
99bb8f77cfd                                                                     INFO:memory.memory_store:Archiving low-confidence node 81206b3a-68cb-4bac-a314-e
b4f6fb348d0                                                                     INFO:memory.memory_store:Archiving low-confidence node 0099be20-3561-4804-8b47-6
f02e268f30a                                                                     INFO:memory.memory_store:Archiving low-confidence node 609473b8-8b98-4edb-ad52-a
5614d4270cb                                                                     INFO:memory.memory_store:Archiving low-confidence node 7db43f52-810e-4603-b09d-0
b89d779ff6e                                                                     INFO:memory.memory_store:Archiving low-confidence node 08c26922-387e-4bfa-9461-8
6b231cbb257                                                                     INFO:memory.memory_store:Archiving low-confidence node f4187f48-3697-4b9a-abc6-5
5609fdaf6f3                                                                     INFO:memory.memory_store:Archiving low-confidence node af5dc25a-97f1-4a7c-a4ea-e
d874429f56d                                                                     INFO:memory.memory_store:Archiving low-confidence node 70f65251-7e24-42a9-a439-d
614b9eb4cfd                                                                     INFO:memory.memory_store:Archiving low-confidence node d5cefd3b-2f87-4bf5-b7a4-f
641943637a3                                                                     INFO:memory.memory_store:Archiving low-confidence node 56a06bef-e2fe-46de-b16f-0
f956c0d6aa1                                                                     INFO:memory.memory_store:Archiving low-confidence node 737a668a-e8f0-442f-a08f-c
e1a2a48150b                                                                     INFO:memory.memory_store:Archiving low-confidence node 0f014dfc-b7b5-44ea-920e-7
32bba4f0e35                                                                     INFO:memory.memory_store:Archiving low-confidence node 43f0c476-fbfd-41bc-94d3-a
cf8777e0a81                                                                     INFO:memory.memory_store:Archiving low-confidence node f5ace352-55cb-4534-9668-4
3ac644f3293                                                                     INFO:memory.memory_store:Archiving low-confidence node 01684af0-bec4-409c-abf9-d
729ec5de56e                                                                     INFO:memory.memory_store:Archiving low-confidence node bf768f70-5f57-4184-978e-b
172a1508d7b                                                                     INFO:memory.memory_store:Archiving low-confidence node 79b82716-5690-4f6b-8a0d-b
8a8bcbbbd08                                                                     INFO:memory.memory_store:Archiving low-confidence node 0c5ed8ef-4a85-46a3-82ef-c
19a659685c8                                                                     INFO:memory.memory_store:Archiving low-confidence node 3e7319d4-0515-4612-bf7c-6
9fdb6643230                                                                     INFO:memory.memory_store:Archiving low-confidence node a3a9d3a0-fd3a-4761-b63b-8
204230c6e37                                                                     INFO:memory.memory_store:Archiving low-confidence node 6eb18697-4143-4a3b-834a-3
b9ac6762ca7                                                                     INFO:memory.memory_store:Archiving low-confidence node eddb7a1c-7ba5-454d-a40d-e
9370c45d2f3                                                                     INFO:memory.memory_store:Archiving low-confidence node 9f3a5c54-dedb-4e18-bee3-9
8e2c027c894                                                                     INFO:memory.memory_store:Archiving low-confidence node b6cee1e2-8e99-4839-a8af-e
5184553fac6                                                                     INFO:memory.memory_store:Archiving low-confidence node a1e6bc89-cceb-43f5-a83e-d
c69b77450a1                                                                     INFO:memory.memory_store:Archiving low-confidence node eda266c5-ccc1-4cb4-83bb-4
2919d2c8e15                                                                     INFO:memory.memory_store:Archiving low-confidence node 87f65cf4-c574-42ac-8aa4-7
cbac63f1d85                                                                     INFO:memory.memory_store:Archiving low-confidence node 4aa54f4e-39b1-4cd8-9176-f
6d0828ece25                                                                     INFO:memory.memory_store:Archiving low-confidence node 9882292e-979e-4da6-9d4c-2
d8e51deabf3                                                                     INFO:memory.memory_store:Archiving low-confidence node e66ea6d2-8d6e-46ff-a792-5
5935f827f8f                                                                     INFO:memory.memory_store:Archiving low-confidence node f555e0b8-207b-4b5d-b652-a
c97fbe334f6                                                                     INFO:memory.memory_store:Archiving low-confidence node 4344a51d-d944-48ca-93a7-7
66e25369e1b                                                                     INFO:memory.memory_store:Archiving low-confidence node 4a641879-3d59-4e95-87a9-d
df9e866bdcf                                                                     INFO:memory.memory_store:Archiving low-confidence node 73333929-215f-40a0-84d2-2
5bfd819df88                                                                     INFO:memory.memory_store:Archiving low-confidence node 33a48fc7-7f5a-416d-848c-5
e07a4fd510b                                                                     INFO:memory.memory_store:Archiving low-confidence node 68d07c12-a1db-45ff-963c-2
3d3e6c0baa2                                                                     INFO:memory.memory_store:Archiving low-confidence node 8ab7ed6c-3e9c-449e-a3ec-5
e871bc1eb36                                                                     INFO:memory.memory_store:Archiving low-confidence node cbbada23-74cb-4914-835d-d
4df9d8ac291                                                                     INFO:memory.memory_store:Archiving low-confidence node 6e71ade1-836e-4f77-9193-e
dbcaeaf151d                                                                     INFO:memory.memory_store:Archiving low-confidence node a0b8cbbf-ae19-4aa2-9807-a
b1e430ecea3                                                                     INFO:memory.memory_store:Archiving low-confidence node 0982e394-c3f0-46f0-bff9-7
cab83efef6b                                                                     INFO:memory.memory_store:Archiving low-confidence node e9a994e1-60e4-4e36-a569-d
cc85649592a                                                                     INFO:memory.memory_store:Archiving low-confidence node b84d11ad-1faa-42be-b990-7
5fb973cd1f8                                                                     INFO:memory.memory_store:Archiving low-confidence node cb5cd5c2-d7e5-4d9d-ae45-e
93fe955d261                                                                     INFO:memory.memory_store:Archiving low-confidence node e5fdeeb7-239f-4a08-8367-0
2498b7570a5                                                                     INFO:memory.memory_store:Archiving low-confidence node 609cc8da-a31e-4fa2-905f-9
b2e9839a851                                                                     INFO:memory.memory_store:Archiving low-confidence node 9dedc87b-47b0-4aab-9c65-6
358a268ea7e                                                                     INFO:memory.memory_store:Archiving low-confidence node e29119c6-b9c1-49d8-8503-5
980a92ebbbf                                                                     INFO:memory.memory_store:Archiving low-confidence node 9695d917-e003-4974-9a48-d
0fe7bd9b491                                                                     INFO:memory.memory_store:Archiving low-confidence node d3c36e82-ca54-4427-aeda-d
0fd5cbc036b                                                                     INFO:memory.memory_store:Archiving low-confidence node e32073b4-c4d6-453b-965e-a
70527bb109c                                                                     INFO:memory.memory_store:Archiving low-confidence node a8f8e580-cfb7-48a5-90c5-5
d6c9a2360cf                                                                     INFO:memory.memory_store:Archiving low-confidence node 8a9f539a-7125-4ee7-8d1f-7
fd7d1e34fb9                                                                     INFO:memory.memory_store:Archiving low-confidence node eaf84481-ce51-4724-ac75-6
7c6aef03287                                                                     INFO:memory.memory_store:Archiving low-confidence node ee3c47d0-fffc-4d3e-aea3-4
643ce48adc9                                                                     INFO:memory.memory_store:Archiving low-confidence node 8b70c8be-f7db-40da-9da1-e
f4f843bb947                                                                     INFO:memory.memory_store:Archiving low-confidence node c98d6444-e0b6-4a94-a387-c
2ab1214c652                                                                     INFO:memory.memory_store:Archiving low-confidence node 9412896b-c503-4dad-9ca0-d
2468c3747cc                                                                     INFO:memory.memory_store:Archiving low-confidence node bfa0febd-792c-4f88-bac9-6
7f7d0375ee7                                                                     INFO:memory.memory_store:Archiving low-confidence node b9b65509-b30d-4d93-bfe2-2
315edbe5345                                                                     INFO:memory.memory_store:Archiving low-confidence node b6275704-0852-4b69-acd9-b
88fe108cdbc                                                                     INFO:memory.memory_store:Archiving low-confidence node e6ae0159-97a5-42c6-97cc-2
89322e87ac8                                                                     INFO:memory.memory_store:Archiving low-confidence node 778077bd-adc2-47da-a920-3
098f7117f7c                                                                     INFO:memory.memory_store:Archiving low-confidence node aa5dd166-205d-4d0d-8d19-9
3ca6b885e62                                                                     INFO:memory.memory_store:Archiving low-confidence node 5dbc12d3-49ef-4fc2-9324-1
2c0063a9474                                                                     INFO:memory.memory_store:Archiving low-confidence node 94b67c45-bbea-47af-9f00-5
de72caafb92                                                                     INFO:memory.memory_store:Archiving low-confidence node e89161d0-52f9-4f38-9661-a
25da2299bca                                                                     INFO:memory.memory_store:Archiving low-confidence node 187ad1c9-8c7e-49c4-893a-b
16bc76bb221                                                                     INFO:memory.memory_store:Archiving low-confidence node 9dd037cb-0213-49d2-a271-0
6bddd4bdecc                                                                     INFO:memory.memory_store:Archiving low-confidence node 958fe4ee-3f88-4f4b-aa9e-a
aadaf490f71                                                                     INFO:memory.memory_store:Archiving low-confidence node a2aab37f-f042-4d8c-9415-b
bdb04e6d871                                                                     INFO:memory.memory_store:Archiving low-confidence node 6e8b1a38-c5ba-4233-a7d9-6
3da44c5b8ff                                                                     INFO:memory.memory_store:Archiving low-confidence node e1aaea92-5de0-449c-874c-c
69c562c9055                                                                     INFO:memory.memory_store:Archiving low-confidence node 44c142c9-f457-4662-8486-d
625767c2d95                                                                     INFO:memory.memory_store:Archiving low-confidence node 5f23c691-8ae8-4476-ac8c-c
af0f6cd6c56                                                                     INFO:memory.memory_store:Archiving low-confidence node 25f4165b-5699-440d-be6c-4
f09b7b18ae9                                                                     INFO:memory.memory_store:Archiving low-confidence node 69b322df-7fd9-4312-89ed-5
1c252657d71                                                                     INFO:memory.memory_store:Archiving low-confidence node cd873a6b-5165-48cf-a786-7
5f63f5fe423                                                                     INFO:memory.memory_store:Archiving low-confidence node c3c3e764-cb22-45e2-a62f-b
fd7df9fc871                                                                     INFO:memory.memory_store:Archiving low-confidence node 3adca686-16c7-4eed-a014-c
ca0de108580                                                                     INFO:memory.memory_store:Archiving low-confidence node 8d5fa4d3-1b15-440a-8cfd-1
5fb55671424                                                                     INFO:memory.memory_store:Archiving low-confidence node bccb9e0b-f12c-45ac-a890-9
5b9940cfb53                                                                     INFO:memory.memory_store:Archiving low-confidence node cf678a91-4185-4de3-9bf6-3
37d21647c92                                                                     INFO:memory.memory_store:Archiving low-confidence node a7ee1958-a4f0-4b16-8c53-1
484f71e53f2                                                                     INFO:memory.memory_store:Archiving low-confidence node c4a0ef31-bee9-4605-9d23-f
1b87e995341                                                                     INFO:memory.memory_store:Archiving low-confidence node 5019372b-38f0-4390-b534-5
6724a3e010c                                                                     INFO:memory.memory_store:Archiving low-confidence node 059ca019-2104-463f-b7ab-a
e30f17a40b3                                                                     INFO:memory.memory_store:Archiving low-confidence node 2f6220d0-e221-4392-84ca-e
0ac15091aaa                                                                     INFO:memory.memory_store:Archiving low-confidence node 249d2886-c381-490c-ba8c-5
ae7e9a0e958                                                                     INFO:memory.memory_store:Archiving low-confidence node b62b559b-2668-445b-bffe-7
abd6351c259                                                                     INFO:memory.memory_store:Archiving low-confidence node 91ac22e4-204c-4b3a-a2b3-a
8e886477709                                                                     INFO:memory.memory_store:Archiving low-confidence node d86edf66-85d1-4695-8a33-2
8535b6dd8a1                                                                     INFO:memory.memory_store:Archiving low-confidence node 4ad91064-d8b9-4bc0-a6d7-2
a5e52887d44                                                                     INFO:memory.memory_store:Archiving low-confidence node 18fe1f1d-0ed0-4758-85f5-3
aa1b081691f                                                                     INFO:memory.memory_store:Archiving low-confidence node db885a73-f2ca-4449-bb9c-f
6d860217867                                                                     INFO:memory.memory_store:Archiving low-confidence node 9521c627-3527-4247-bccd-8
dc4aa074a49                                                                     INFO:memory.memory_store:Archiving low-confidence node 27905533-9239-4e3b-be05-9
e0110c16797                                                                     INFO:memory.memory_store:Archiving low-confidence node cdb0eef1-4548-4854-b200-f
8f503636aa8                                                                     INFO:memory.memory_store:Archiving low-confidence node bffc97ee-1a00-4c73-a90a-5
dfb5504bbfa                                                                     INFO:memory.memory_store:Archiving low-confidence node e5207e42-0f11-43df-b718-b
bb2f09a71d0                                                                     INFO:memory.memory_store:Archiving low-confidence node 7b573bfc-ea6d-428a-938d-1
e03579e4b36                                                                     INFO:memory.memory_store:Archiving low-confidence node 4f97a5d1-d398-4da8-a5d3-5
839555659f5                                                                     INFO:memory.memory_store:Archiving low-confidence node 04edafda-8fd1-4884-98ea-0
019562c02f8                                                                     INFO:memory.memory_store:Archiving low-confidence node 1942f2f8-2dd2-42cf-9eb8-1
f0f2ae29522                                                                     INFO:memory.memory_store:Archiving low-confidence node 2ca1d301-c8f7-4a2c-b5a8-d
88f772e3e4d                                                                     INFO:memory.memory_store:Archiving low-confidence node 282bc005-beda-4974-8c5d-5
d729e187592                                                                     INFO:memory.memory_store:Archiving low-confidence node dddc2f77-c6f2-4e73-86c4-e
5e7b2649b28                                                                     INFO:memory.memory_store:Archiving low-confidence node 7e3ec9b6-b21f-4143-bad7-8
46e7bfe5ccd                                                                     INFO:memory.memory_store:Archiving low-confidence node dac9a9c6-5c0d-4c6a-b46e-e
5031ca3ad14                                                                     INFO:memory.memory_store:Archiving low-confidence node 63303781-e8ed-47f1-8e11-d
1d653cbc528                                                                     INFO:memory.memory_store:Archiving low-confidence node 21fb29a8-7645-45f4-b4b6-f
281a363d5f9                                                                     INFO:memory.memory_store:Archiving low-confidence node 30e69776-c095-4143-9c81-5
d9b0a16e529                                                                     INFO:memory.memory_store:Archiving low-confidence node 97dab59c-c751-4928-a07b-9
a387d0b6bec                                                                     INFO:memory.memory_store:Archiving low-confidence node c6506ddf-69d0-4f3e-961d-e
5935d746f51                                                                     INFO:memory.memory_store:Archiving low-confidence node 5a9bcef4-42b4-4b9b-86c4-b
65eac97747d                                                                     INFO:memory.memory_store:Archiving low-confidence node 67331199-a8be-45c2-90c1-2
a1a923dd5de                                                                     INFO:memory.memory_store:Archiving low-confidence node 5797c975-6ac4-43d1-8281-9
5ff250386a1                                                                     INFO:memory.memory_store:Archiving low-confidence node df5c7ed8-b9a3-408e-bcf6-9
84ba145a646                                                                     INFO:memory.memory_store:Archiving low-confidence node 527bf9bd-904b-4c1c-b216-7
84589f96331                                                                     INFO:memory.memory_store:Archiving low-confidence node 108cafb9-d125-43a8-8b87-d
2a1b6121bde                                                                     INFO:memory.memory_store:Archiving low-confidence node 21342537-16c3-4d0a-b680-5
988f98564ea                                                                     INFO:memory.memory_store:Archiving low-confidence node 62590883-a271-4b5c-b54d-1
a85773c8789                                                                     INFO:memory.memory_store:Archiving low-confidence node c058db77-f621-4fec-8128-f
34ef48880a4                                                                     INFO:memory.memory_store:Archiving low-confidence node 44c37281-7467-4de3-a9c9-d
49a47d402c0                                                                     INFO:memory.memory_store:Archiving low-confidence node 63047df8-b3e5-4eb9-83d7-0
702f1f767d8                                                                     INFO:memory.memory_store:Archiving low-confidence node de503312-ebeb-4aa2-8f28-2
34568bfaec8                                                                     INFO:memory.memory_store:Archiving low-confidence node 1af97bb2-af3e-419a-a762-1
7b35b5b81df                                                                     INFO:memory.memory_store:Archiving low-confidence node cd766383-5276-4589-9076-7
82509f2da95                                                                     INFO:memory.memory_store:Archiving low-confidence node 4e1de7c2-9586-4d7f-86a0-c
a3f30b53453                                                                     INFO:memory.memory_store:Archiving low-confidence node df87c720-9546-4d46-9e5f-a
0dd6a1b1082                                                                     INFO:memory.memory_store:Archiving low-confidence node 84f6453a-6346-4644-87d3-6
fa5e4625c39                                                                     INFO:memory.memory_store:Archiving low-confidence node 85ddfec2-d5a0-48a2-b5f0-6
94f5dae09e5                                                                     INFO:memory.memory_store:Archiving low-confidence node c244efbf-1947-4960-9f48-c
2398357661d                                                                     INFO:memory.memory_store:Archiving low-confidence node 5ff1003b-2d6a-487f-b33f-b
252a9f58df1                                                                     INFO:memory.memory_store:Archiving low-confidence node 2718c4e2-f08c-4213-b20a-9
e74619b0da8                                                                     INFO:memory.memory_store:Archiving low-confidence node ee240e5f-850c-4da6-8746-e
2318938ba39                                                                     INFO:memory.memory_store:Archiving low-confidence node fedc3c9b-e855-4054-84b1-4
0cd375fc68e                                                                     INFO:memory.memory_store:Archiving low-confidence node 77d63bf2-6814-4564-9ac0-c
038e7c051f2                                                                     INFO:memory.memory_store:Archiving low-confidence node d5891a09-b086-4b96-9fb8-3
56a165b964a                                                                     INFO:memory.memory_store:Archiving low-confidence node e285b5cc-3452-4412-9a07-0
731ad054258                                                                     INFO:memory.memory_store:Archiving low-confidence node 130b6aa9-1ee3-4ffa-ade2-2
ac9f604e0db                                                                     INFO:memory.memory_store:Archiving low-confidence node 330b8b85-e9b4-4d6e-8346-3
f92c4d1387c                                                                     INFO:memory.memory_store:Archiving low-confidence node 01962742-485b-4387-b5b9-9
ddff5066267                                                                     INFO:memory.memory_store:Archiving low-confidence node 9920070f-4a68-4a53-a271-f
3e4dbc0f0f1                                                                     INFO:memory.memory_store:Archiving low-confidence node 2d2af720-cfa0-4833-b123-5
dba07fa7d73                                                                     INFO:memory.memory_store:Archiving low-confidence node cbd8e06c-da7e-4caa-b1af-8
8af9f44af12                                                                     INFO:memory.memory_store:Archiving low-confidence node f23c23ea-b019-4b86-8227-a
52a25c49026                                                                     INFO:memory.memory_store:Archiving low-confidence node 011689d3-46cc-4e9b-b711-3
1c076a4a289                                                                     INFO:memory.memory_store:Archiving low-confidence node 0d4e3d1f-85b4-4195-af7f-3
d9b051c5f8d                                                                     INFO:memory.memory_store:Archiving low-confidence node 34f69432-5ff7-4ec5-8efb-4
b6505d0c2cc                                                                     INFO:memory.memory_store:Archiving low-confidence node f9525353-dade-488f-acd5-0
7368baf3dba                                                                     INFO:memory.memory_store:Archiving low-confidence node cc5e010d-607b-4af9-9750-2
2f390d44b2f                                                                     INFO:memory.memory_store:Archiving low-confidence node c3f6a1fe-2b4b-4a6b-adde-e
f5f6de26280                                                                     INFO:memory.memory_store:Archiving low-confidence node 96e39ca4-5ebd-4c74-8b4b-a
b0768766e11                                                                     INFO:memory.memory_store:Archiving low-confidence node 1d175d1b-cdc9-499e-a7a9-0
c2fc7859cb1                                                                     INFO:memory.memory_store:Archiving low-confidence node 56f3eff9-8401-4ce3-838b-b
c188bb0eec7                                                                     INFO:memory.memory_store:Archiving low-confidence node 9c74c08d-ffe1-4d86-98aa-7
b0b21bfd6ba                                                                     INFO:memory.memory_store:Archiving low-confidence node 61450afe-f7f8-4610-a3d2-9
4ce907d1f3a                                                                     INFO:memory.memory_store:Archiving low-confidence node 05570d0d-e238-426d-8dba-3
81d7e541bd9                                                                     INFO:memory.memory_store:Archiving low-confidence node cc53592b-c20e-4601-992c-3
8e853285c2c                                                                     INFO:memory.memory_store:Archiving low-confidence node ab44b2e8-3434-4beb-bfc1-0
2b0efcda9c3                                                                     INFO:memory.memory_store:Archiving low-confidence node c2f4ae57-1222-4274-b09e-0
a7ccea230e5                                                                     INFO:memory.memory_store:Archiving low-confidence node 49c434f3-faaa-4ab9-a26a-4
0a1a98799c4                                                                     INFO:memory.memory_store:Archiving low-confidence node 06d8eaab-b0f3-44b2-9da4-6
c32dedc30f2                                                                     INFO:memory.memory_store:Archiving low-confidence node f529250e-db82-4270-9c03-2
1304561cafc                                                                     INFO:memory.memory_store:Archiving low-confidence node bf45ff47-1125-4a8b-bfcd-a
9f27a4a6cf6                                                                     INFO:memory.memory_store:Archiving low-confidence node ab498444-1d4d-42e5-a78d-e
71f9620ffe3                                                                     INFO:memory.memory_store:Archiving low-confidence node d3206c10-49dc-40b3-9061-2
c7bd2dc4074                                                                     INFO:memory.memory_store:Archiving low-confidence node 08341484-a6b0-49b3-9b68-0
cafd2d3cb21                                                                     INFO:memory.memory_store:Archiving low-confidence node 1422aad2-8802-4634-82b0-c
9f4b542e324                                                                     INFO:memory.memory_store:Archiving low-confidence node 6092094a-8570-4830-9fdb-b
f4acc3c8a41                                                                     INFO:memory.memory_store:Archiving low-confidence node b4d9aa5f-05af-44a0-a4f8-4
11eca25fe1d                                                                     INFO:memory.memory_store:Archiving low-confidence node c04bdec3-30f6-4956-b53f-f
08e7b16ead1                                                                     INFO:memory.memory_store:Archiving low-confidence node 5fa56899-47df-4fba-bb3f-b
15eeaf0cbe0                                                                     INFO:memory.memory_store:Archiving low-confidence node 21fcb5dd-1f15-4f51-86a5-8
208491e2b7d                                                                     INFO:memory.memory_store:Archiving low-confidence node 7ebfb83c-c0f2-4cc3-bf61-8
b1f229379e2                                                                     INFO:memory.memory_store:Archiving low-confidence node c1ddce1a-c0c0-4819-b019-9
630f932d318                                                                     INFO:memory.memory_store:Archiving low-confidence node 08066a56-b290-433b-8e50-8
63803d6cd4a                                                                     INFO:memory.memory_store:Archiving low-confidence node 7d98bb8b-8e3b-49c7-ba62-1
7d28e0f4ab9                                                                     INFO:memory.memory_store:Archiving low-confidence node 9b4744b3-c8de-4436-a19a-0
8e26ca9747b                                                                     INFO:memory.memory_store:Archiving low-confidence node e090c5d0-a08c-4eab-9a2c-9
41e7764b022                                                                     INFO:memory.memory_store:Archiving low-confidence node d3f0e3e6-d804-4759-ac9b-2
1770b34649b                                                                     INFO:memory.memory_store:Archiving low-confidence node fbb81b71-eeed-43c7-94a3-4
8ea97bed3bd                                                                     INFO:memory.memory_store:Archiving low-confidence node 9e268125-2624-4a5b-9d7d-9
4dbc6cd3e7b                                                                     INFO:memory.memory_store:Archiving low-confidence node e88b83d8-0e7c-4052-8ffa-f
f8cc7ed2437                                                                     INFO:memory.memory_store:Archiving low-confidence node d1c5ec79-fba8-4ff3-a81a-b
07ac70942a0                                                                     INFO:memory.memory_store:Archiving low-confidence node a22a63db-07f6-4534-9e35-c
720691c9d1f                                                                     INFO:memory.memory_store:Archiving low-confidence node 88d0f204-6717-4df1-8d44-2
2750e212978                                                                     INFO:memory.memory_store:Archiving low-confidence node 30932f61-4016-4033-beac-4
580b104ae78                                                                     INFO:memory.memory_store:Archiving low-confidence node fb6b7b2f-bf1b-4d9f-908e-7
223e11b3a26                                                                     INFO:app:Response status: 200 for POST http://localhost/api/v1/concierge/message
 request_id=a0cf7bbb-ea0d-49d8-89d7-0f8db815ebd8